
> lost-underfound@0.1.0 dev
> vite --host 127.0.0.1 --host 0.0.0.0 --port 5184


  [32m[1mVITE[22m v7.3.6[39m  [2mready in [0m[1m360[22m[2m[0m ms[22m

  [32m➜[39m  [1mLocal[22m:   [36mhttp://localhost:[1m5184[22m/[39m
  [32m➜[39m  [1mNetwork[22m: [36mhttp://10.45.0.24:[1m5184[22m/[39m
  [32m➜[39m  [1mNetwork[22m: [36mhttp://100.119.186.57:[1m5184[22m/[39m
  [32m➜[39m  [1mNetwork[22m: [36mhttp://192.168.1.236:[1m5184[22m/[39m
[2m[32m  ➜[39m[22m[2m  press [22m[1mh + enter[22m[2m to show help[22m
[2m8:44:50 AM[22m [36m[1m[vite][22m[39m [90m[2m(client)[22m[39m [32mpage reload [39m[2mags/room1/geometry.json[22m
[2m8:45:05 AM[22m [36m[1m[vite][22m[39m [90m[2m(client)[22m[39m [32mhmr update [39m[2m/src/styles.css[22m
[2m8:47:14 AM[22m [36m[1m[vite][22m[39m [90m[2m(client)[22m[39m [32mpage reload [39m[2mags/room1/geometry.json[22m
[2m8:48:39 AM[22m [36m[1m[vite][22m[39m [90m[2m(client)[22m[39m [32mpage reload [39m[2mart/act01-production/characters/pip/walk/onion.png.tmp[22m
[2m8:48:39 AM[22m [36m[1m[vite][22m[39m [90m[2m(client)[22m[39m [32mpage reload [39m[2mart/act01-production/characters/pip/walk/onion.png[22m
[2m8:48:39 AM[22m [36m[1m[vite][22m[39m [90m[2m(client)[22m[39m [32mpage reload [39m[2mart/act01-production/characters/pip/walk/onion.png.tmp[22m
[2m8:48:40 AM[22m [36m[1m[vite][22m[39m [90m[2m(client)[22m[39m [32mpage reload [39m[2mart/act01-production/characters/pip/idle/onion.png.tmp[22m
[2m8:48:40 AM[22m [36m[1m[vite][22m[39m [90m[2m(client)[22m[39m [32mpage reload [39m[2mart/act01-production/characters/pip/idle/onion.png[22m
[2m8:48:40 AM[22m [36m[1m[vite][22m[39m [90m[2m(client)[22m[39m [32mpage reload [39m[2mart/act01-production/characters/pip/idle/onion.png.tmp[22m
[2m8:48:40 AM[22m [36m[1m[vite][22m[39m [90m[2m(client)[22m[39m [32mpage reload [39m[2mart/act01-production/characters/pip/talk/onion.png.tmp[22m
[2m8:48:40 AM[22m [36m[1m[vite][22m[39m [90m[2m(client)[22m[39m [32mpage reload [39m[2mart/act01-production/characters/pip/talk/onion.png[22m
[2m8:48:40 AM[22m [36m[1m[vite][22m[39m [90m[2m(client)[22m[39m [32mpage reload [39m[2mart/act01-production/characters/pip/talk/onion.png.tmp[22m
[2m8:48:40 AM[22m [36m[1m[vite][22m[39m [90m[2m(client)[22m[39m [32mpage reload [39m[2mart/act01-production/characters/pip/dust-reach/onion.png.tmp[22m
[2m8:48:40 AM[22m [36m[1m[vite][22m[39m [90m[2m(client)[22m[39m [32mpage reload [39m[2mart/act01-production/characters/pip/dust-reach/onion.png[22m
[2m8:48:40 AM[22m [36m[1m[vite][22m[39m [90m[2m(client)[22m[39m [32mpage reload [39m[2mart/act01-production/characters/pip/dust-reach/onion.png.tmp[22m
[2m8:48:41 AM[22m [36m[1m[vite][22m[39m [90m[2m(client)[22m[39m [32mpage reload [39m[2mart/act01-production/characters/pip/toll-paid/onion.png.tmp[22m
[2m8:48:41 AM[22m [36m[1m[vite][22m[39m [90m[2m(client)[22m[39m [32mpage reload [39m[2mart/act01-production/characters/pip/toll-paid/onion.png[22m
[2m8:48:41 AM[22m [36m[1m[vite][22m[39m [90m[2m(client)[22m[39m [32mpage reload [39m[2mart/act01-production/characters/pip/toll-paid/onion.png.tmp[22m
[2m8:48:41 AM[22m [36m[1m[vite][22m[39m [90m[2m(client)[22m[39m [32mpage reload [39m[2mart/act01-production/characters/bramble/idle/onion.png.tmp[22m
[2m8:48:41 AM[22m [36m[1m[vite][22m[39m [90m[2m(client)[22m[39m [32mpage reload [39m[2mart/act01-production/characters/bramble/idle/onion.png[22m
[2m8:48:41 AM[22m [36m[1m[vite][22m[39m [90m[2m(client)[22m[39m [32mpage reload [39m[2mart/act01-production/characters/bramble/idle/onion.png.tmp[22m
[2m8:48:42 AM[22m [36m[1m[vite][22m[39m [90m[2m(client)[22m[39m [32mpage reload [39m[2mart/act01-production/characters/bramble/talk/onion.png.tmp[22m
[2m8:48:42 AM[22m [36m[1m[vite][22m[39m [90m[2m(client)[22m[39m [32mpage reload [39m[2mart/act01-production/characters/bramble/talk/onion.png[22m
[2m8:48:42 AM[22m [36m[1m[vite][22m[39m [90m[2m(client)[22m[39m [32mpage reload [39m[2mart/act01-production/characters/bramble/talk/onion.png.tmp[22m
[2m8:48:42 AM[22m [36m[1m[vite][22m[39m [90m[2m(client)[22m[39m [32mpage reload [39m[2mart/act01-production/characters/old-bottlecap/idle/onion.png.tmp[22m
[2m8:48:42 AM[22m [36m[1m[vite][22m[39m [90m[2m(client)[22m[39m [32mpage reload [39m[2mart/act01-production/characters/old-bottlecap/idle/onion.png[22m
[2m8:48:42 AM[22m [36m[1m[vite][22m[39m [90m[2m(client)[22m[39m [32mpage reload [39m[2mart/act01-production/characters/old-bottlecap/idle/onion.png.tmp[22m
[2m8:48:43 AM[22m [36m[1m[vite][22m[39m [90m[2m(client)[22m[39m [32mpage reload [39m[2mart/act01-production/characters/old-bottlecap/toll-refused/onion.png.tmp[22m
[2m8:48:43 AM[22m [36m[1m[vite][22m[39m [90m[2m(client)[22m[39m [32mpage reload [39m[2mart/act01-production/characters/old-bottlecap/toll-refused/onion.png[22m
[2m8:48:43 AM[22m [36m[1m[vite][22m[39m [90m[2m(client)[22m[39m [32mpage reload [39m[2mart/act01-production/characters/old-bottlecap/toll-refused/onion.png.tmp[22m
[2m8:48:43 AM[22m [36m[1m[vite][22m[39m [90m[2m(client)[22m[39m [32mpage reload [39m[2mart/act01-production/characters/old-bottlecap/toll-paid/onion.png.tmp[22m
[2m8:48:43 AM[22m [36m[1m[vite][22m[39m [90m[2m(client)[22m[39m [32mpage reload [39m[2mart/act01-production/characters/old-bottlecap/toll-paid/onion.png[22m
[2m8:48:43 AM[22m [36m[1m[vite][22m[39m [90m[2m(client)[22m[39m [32mpage reload [39m[2mart/act01-production/characters/old-bottlecap/toll-paid/onion.png.tmp[22m
[2m8:48:43 AM[22m [36m[1m[vite][22m[39m [90m[2m(client)[22m[39m [32mpage reload [39m[2mart/act01-production/characters/scuttle/dash/onion.png[22m
[2m9:01:21 AM[22m [36m[1m[vite][22m[39m [90m[2m(client)[22m[39m [32mpage reload [39m[2msrc/main.ts[22m
[2m9:01:46 AM[22m [36m[1m[vite][22m[39m [90m[2m(client)[22m[39m [32mhmr update [39m[2m/src/styles.css[22m
[2m9:03:50 AM[22m [36m[1m[vite][22m[39m [90m[2m(client)[22m[39m [32mpage reload [39m[2msrc/main.ts[22m
[2m9:04:04 AM[22m [36m[1m[vite][22m[39m [90m[2m(client)[22m[39m [32mpage reload [39m[2msrc/main.ts[22m
[2m9:04:22 AM[22m [36m[1m[vite][22m[39m [90m[2m(client)[22m[39m [32mpage reload [39m[2mart/act01-production/characters/pip/walk/onion.png.tmp[22m
[2m9:04:22 AM[22m [36m[1m[vite][22m[39m [90m[2m(client)[22m[39m [32mpage reload [39m[2mart/act01-production/characters/pip/walk/onion.png[22m
[2m9:04:22 AM[22m [36m[1m[vite][22m[39m [90m[2m(client)[22m[39m [32mpage reload [39m[2mart/act01-production/characters/pip/walk/onion.png.tmp[22m
[2m9:04:23 AM[22m [36m[1m[vite][22m[39m [90m[2m(client)[22m[39m [32mpage reload [39m[2mart/act01-production/characters/pip/idle/onion.png.tmp[22m
[2m9:04:23 AM[22m [36m[1m[vite][22m[39m [90m[2m(client)[22m[39m [32mpage reload [39m[2mart/act01-production/characters/pip/idle/onion.png[22m
[2m9:04:23 AM[22m [36m[1m[vite][22m[39m [90m[2m(client)[22m[39m [32mpage reload [39m[2mart/act01-production/characters/pip/idle/onion.png.tmp[22m
[2m9:04:23 AM[22m [36m[1m[vite][22m[39m [90m[2m(client)[22m[39m [32mpage reload [39m[2mart/act01-production/characters/pip/talk/onion.png.tmp[22m
[2m9:04:23 AM[22m [36m[1m[vite][22m[39m [90m[2m(client)[22m[39m [32mpage reload [39m[2mart/act01-production/characters/pip/talk/onion.png[22m
[2m9:04:23 AM[22m [36m[1m[vite][22m[39m [90m[2m(client)[22m[39m [32mpage reload [39m[2mart/act01-production/characters/pip/talk/onion.png.tmp[22m
[2m9:04:23 AM[22m [36m[1m[vite][22m[39m [90m[2m(client)[22m[39m [32mpage reload [39m[2mart/act01-production/characters/pip/dust-reach/onion.png.tmp[22m
[2m9:04:23 AM[22m [36m[1m[vite][22m[39m [90m[2m(client)[22m[39m [32mpage reload [39m[2mart/act01-production/characters/pip/dust-reach/onion.png[22m
[2m9:04:24 AM[22m [36m[1m[vite][22m[39m [90m[2m(client)[22m[39m [32mpage reload [39m[2mart/act01-production/characters/pip/dust-reach/onion.png.tmp[22m
[2m9:04:24 AM[22m [36m[1m[vite][22m[39m [90m[2m(client)[22m[39m [32mpage reload [39m[2mart/act01-production/characters/pip/toll-paid/onion.png.tmp[22m
[2m9:04:24 AM[22m [36m[1m[vite][22m[39m [90m[2m(client)[22m[39m [32mpage reload [39m[2mart/act01-production/characters/pip/toll-paid/onion.png[22m
[2m9:04:24 AM[22m [36m[1m[vite][22m[39m [90m[2m(client)[22m[39m [32mpage reload [39m[2mart/act01-production/characters/pip/toll-paid/onion.png.tmp[22m
[2m9:04:24 AM[22m [36m[1m[vite][22m[39m [90m[2m(client)[22m[39m [32mpage reload [39m[2mart/act01-production/characters/bramble/idle/onion.png.tmp[22m
[2m9:04:24 AM[22m [36m[1m[vite][22m[39m [90m[2m(client)[22m[39m [32mpage reload [39m[2mart/act01-production/characters/bramble/idle/onion.png[22m
[2m9:04:24 AM[22m [36m[1m[vite][22m[39m [90m[2m(client)[22m[39m [32mpage reload [39m[2mart/act01-production/characters/bramble/idle/onion.png.tmp[22m
[2m9:04:25 AM[22m [36m[1m[vite][22m[39m [90m[2m(client)[22m[39m [32mpage reload [39m[2mart/act01-production/characters/bramble/talk/onion.png.tmp[22m
[2m9:04:25 AM[22m [36m[1m[vite][22m[39m [90m[2m(client)[22m[39m [32mpage reload [39m[2mart/act01-production/characters/bramble/talk/onion.png[22m
[2m9:04:25 AM[22m [36m[1m[vite][22m[39m [90m[2m(client)[22m[39m [32mpage reload [39m[2mart/act01-production/characters/bramble/talk/onion.png.tmp[22m
[2m9:04:25 AM[22m [36m[1m[vite][22m[39m [90m[2m(client)[22m[39m [32mpage reload [39m[2mart/act01-production/characters/old-bottlecap/idle/onion.png.tmp[22m
[2m9:04:25 AM[22m [36m[1m[vite][22m[39m [90m[2m(client)[22m[39m [32mpage reload [39m[2mart/act01-production/characters/old-bottlecap/idle/onion.png[22m
[2m9:04:25 AM[22m [36m[1m[vite][22m[39m [90m[2m(client)[22m[39m [32mpage reload [39m[2mart/act01-production/characters/old-bottlecap/idle/onion.png.tmp[22m
[2m9:04:26 AM[22m [36m[1m[vite][22m[39m [90m[2m(client)[22m[39m [32mpage reload [39m[2mart/act01-production/characters/old-bottlecap/toll-refused/onion.png.tmp[22m
[2m9:04:26 AM[22m [36m[1m[vite][22m[39m [90m[2m(client)[22m[39m [32mpage reload [39m[2mart/act01-production/characters/old-bottlecap/toll-refused/onion.png[22m
[2m9:04:26 AM[22m [36m[1m[vite][22m[39m [90m[2m(client)[22m[39m [32mpage reload [39m[2mart/act01-production/characters/old-bottlecap/toll-refused/onion.png.tmp[22m
[2m9:04:26 AM[22m [36m[1m[vite][22m[39m [90m[2m(client)[22m[39m [32mpage reload [39m[2mart/act01-production/characters/old-bottlecap/toll-paid/onion.png.tmp[22m
[2m9:04:26 AM[22m [36m[1m[vite][22m[39m [90m[2m(client)[22m[39m [32mpage reload [39m[2mart/act01-production/characters/old-bottlecap/toll-paid/onion.png[22m
[2m9:04:26 AM[22m [36m[1m[vite][22m[39m [90m[2m(client)[22m[39m [32mpage reload [39m[2mart/act01-production/characters/old-bottlecap/toll-paid/onion.png.tmp[22m
[2m9:04:27 AM[22m [36m[1m[vite][22m[39m [90m[2m(client)[22m[39m [32mpage reload [39m[2mart/act01-production/characters/scuttle/dash/onion.png[22m
[2m9:48:32 AM[22m [36m[1m[vite][22m[39m [90m[2m(client)[22m[39m [32mpage reload [39m[2mags/room1/geometry.json[22m
[2m9:48:32 AM[22m [36m[1m[vite][22m[39m [90m[2m(client)[22m[39m [32mpage reload [39m[2msrc/main.ts[22m
[2m9:48:50 AM[22m [36m[1m[vite][22m[39m [90m[2m(client)[22m[39m [32mpage reload [39m[2msrc/main.ts[22m
[2m9:49:02 AM[22m [36m[1m[vite][22m[39m [90m[2m(client)[22m[39m [32mhmr update [39m[2m/src/styles.css[22m
[2m9:50:40 AM[22m [36m[1m[vite][22m[39m [90m[2m(client)[22m[39m [32mpage reload [39m[2mart/act01-production/characters/pip/walk/onion.png.tmp[22m
[2m9:50:40 AM[22m [36m[1m[vite][22m[39m [90m[2m(client)[22m[39m [32mpage reload [39m[2mart/act01-production/characters/pip/walk/onion.png[22m
[2m9:50:40 AM[22m [36m[1m[vite][22m[39m [90m[2m(client)[22m[39m [32mpage reload [39m[2mart/act01-production/characters/pip/walk/onion.png.tmp[22m
[2m9:50:40 AM[22m [36m[1m[vite][22m[39m [90m[2m(client)[22m[39m [32mpage reload [39m[2mart/act01-production/characters/pip/idle/onion.png.tmp[22m
[2m9:50:40 AM[22m [36m[1m[vite][22m[39m [90m[2m(client)[22m[39m [32mpage reload [39m[2mart/act01-production/characters/pip/idle/onion.png[22m
[2m9:50:40 AM[22m [36m[1m[vite][22m[39m [90m[2m(client)[22m[39m [32mpage reload [39m[2mart/act01-production/characters/pip/idle/onion.png.tmp[22m
[2m9:50:40 AM[22m [36m[1m[vite][22m[39m [90m[2m(client)[22m[39m [32mpage reload [39m[2mart/act01-production/characters/pip/talk/onion.png.tmp[22m
[2m9:50:40 AM[22m [36m[1m[vite][22m[39m [90m[2m(client)[22m[39m [32mpage reload [39m[2mart/act01-production/characters/pip/talk/onion.png[22m
[2m9:50:41 AM[22m [36m[1m[vite][22m[39m [90m[2m(client)[22m[39m [32mpage reload [39m[2mart/act01-production/characters/pip/talk/onion.png.tmp[22m
[2m9:50:41 AM[22m [36m[1m[vite][22m[39m [90m[2m(client)[22m[39m [32mpage reload [39m[2mart/act01-production/characters/pip/dust-reach/onion.png.tmp[22m
[2m9:50:41 AM[22m [36m[1m[vite][22m[39m [90m[2m(client)[22m[39m [32mpage reload [39m[2mart/act01-production/characters/pip/dust-reach/onion.png[22m
[2m9:50:41 AM[22m [36m[1m[vite][22m[39m [90m[2m(client)[22m[39m [32mpage reload [39m[2mart/act01-production/characters/pip/dust-reach/onion.png.tmp[22m
[2m9:50:41 AM[22m [36m[1m[vite][22m[39m [90m[2m(client)[22m[39m [32mpage reload [39m[2mart/act01-production/characters/pip/toll-paid/onion.png.tmp[22m
[2m9:50:41 AM[22m [36m[1m[vite][22m[39m [90m[2m(client)[22m[39m [32mpage reload [39m[2mart/act01-production/characters/pip/toll-paid/onion.png[22m
[2m9:50:41 AM[22m [36m[1m[vite][22m[39m [90m[2m(client)[22m[39m [32mpage reload [39m[2mart/act01-production/characters/pip/toll-paid/onion.png.tmp[22m
[2m9:50:42 AM[22m [36m[1m[vite][22m[39m [90m[2m(client)[22m[39m [32mpage reload [39m[2mart/act01-production/characters/bramble/idle/onion.png.tmp[22m
[2m9:50:42 AM[22m [36m[1m[vite][22m[39m [90m[2m(client)[22m[39m [32mpage reload [39m[2mart/act01-production/characters/bramble/idle/onion.png[22m
[2m9:50:42 AM[22m [36m[1m[vite][22m[39m [90m[2m(client)[22m[39m [32mpage reload [39m[2mart/act01-production/characters/bramble/idle/onion.png.tmp[22m
[2m9:50:42 AM[22m [36m[1m[vite][22m[39m [90m[2m(client)[22m[39m [32mpage reload [39m[2mart/act01-production/characters/bramble/talk/onion.png.tmp[22m
[2m9:50:42 AM[22m [36m[1m[vite][22m[39m [90m[2m(client)[22m[39m [32mpage reload [39m[2mart/act01-production/characters/bramble/talk/onion.png[22m
[2m9:50:42 AM[22m [36m[1m[vite][22m[39m [90m[2m(client)[22m[39m [32mpage reload [39m[2mart/act01-production/characters/bramble/talk/onion.png.tmp[22m
[2m9:50:43 AM[22m [36m[1m[vite][22m[39m [90m[2m(client)[22m[39m [32mpage reload [39m[2mart/act01-production/characters/old-bottlecap/idle/onion.png.tmp[22m
[2m9:50:43 AM[22m [36m[1m[vite][22m[39m [90m[2m(client)[22m[39m [32mpage reload [39m[2mart/act01-production/characters/old-bottlecap/idle/onion.png[22m
[2m9:50:43 AM[22m [36m[1m[vite][22m[39m [90m[2m(client)[22m[39m [32mpage reload [39m[2mart/act01-production/characters/old-bottlecap/idle/onion.png.tmp[22m
[2m9:50:43 AM[22m [36m[1m[vite][22m[39m [90m[2m(client)[22m[39m [32mpage reload [39m[2mart/act01-production/characters/old-bottlecap/toll-refused/onion.png.tmp[22m
[2m9:50:43 AM[22m [36m[1m[vite][22m[39m [90m[2m(client)[22m[39m [32mpage reload [39m[2mart/act01-production/characters/old-bottlecap/toll-refused/onion.png[22m
[2m9:50:43 AM[22m [36m[1m[vite][22m[39m [90m[2m(client)[22m[39m [32mpage reload [39m[2mart/act01-production/characters/old-bottlecap/toll-refused/onion.png.tmp[22m
[2m9:50:43 AM[22m [36m[1m[vite][22m[39m [90m[2m(client)[22m[39m [32mpage reload [39m[2mart/act01-production/characters/old-bottlecap/toll-paid/onion.png.tmp[22m
[2m9:50:43 AM[22m [36m[1m[vite][22m[39m [90m[2m(client)[22m[39m [32mpage reload [39m[2mart/act01-production/characters/old-bottlecap/toll-paid/onion.png[22m
[2m9:50:44 AM[22m [36m[1m[vite][22m[39m [90m[2m(client)[22m[39m [32mpage reload [39m[2mart/act01-production/characters/old-bottlecap/toll-paid/onion.png.tmp[22m
[2m9:50:44 AM[22m [36m[1m[vite][22m[39m [90m[2m(client)[22m[39m [32mpage reload [39m[2mart/act01-production/characters/scuttle/dash/onion.png.tmp[22m
[2m9:50:44 AM[22m [36m[1m[vite][22m[39m [90m[2m(client)[22m[39m [32mpage reload [39m[2mart/act01-production/characters/scuttle/dash/onion.png[22m
[2m9:50:44 AM[22m [36m[1m[vite][22m[39m [90m[2m(client)[22m[39m [32mpage reload [39m[2mart/act01-production/characters/scuttle/dash/onion.png.tmp[22m
[2m9:52:55 AM[22m [36m[1m[vite][22m[39m [90m[2m(client)[22m[39m [32mpage reload [39m[2mart/act01-production/characters/pip/walk/onion.png.tmp[22m
[2m9:52:55 AM[22m [36m[1m[vite][22m[39m [90m[2m(client)[22m[39m [32mpage reload [39m[2mart/act01-production/characters/pip/walk/onion.png[22m
[2m9:52:55 AM[22m [36m[1m[vite][22m[39m [90m[2m(client)[22m[39m [32mpage reload [39m[2mart/act01-production/characters/pip/walk/onion.png.tmp[22m
[2m9:52:56 AM[22m [36m[1m[vite][22m[39m [90m[2m(client)[22m[39m [32mpage reload [39m[2mart/act01-production/characters/pip/idle/onion.png.tmp[22m
[2m9:52:56 AM[22m [36m[1m[vite][22m[39m [90m[2m(client)[22m[39m [32mpage reload [39m[2mart/act01-production/characters/pip/idle/onion.png[22m
[2m9:52:56 AM[22m [36m[1m[vite][22m[39m [90m[2m(client)[22m[39m [32mpage reload [39m[2mart/act01-production/characters/pip/idle/onion.png.tmp[22m
[2m9:52:56 AM[22m [36m[1m[vite][22m[39m [90m[2m(client)[22m[39m [32mpage reload [39m[2mart/act01-production/characters/pip/talk/onion.png.tmp[22m
[2m9:52:56 AM[22m [36m[1m[vite][22m[39m [90m[2m(client)[22m[39m [32mpage reload [39m[2mart/act01-production/characters/pip/talk/onion.png[22m
[2m9:52:56 AM[22m [36m[1m[vite][22m[39m [90m[2m(client)[22m[39m [32mpage reload [39m[2mart/act01-production/characters/pip/talk/onion.png.tmp[22m
[2m9:52:57 AM[22m [36m[1m[vite][22m[39m [90m[2m(client)[22m[39m [32mpage reload [39m[2mart/act01-production/characters/pip/dust-reach/onion.png.tmp[22m
[2m9:52:57 AM[22m [36m[1m[vite][22m[39m [90m[2m(client)[22m[39m [32mpage reload [39m[2mart/act01-production/characters/pip/dust-reach/onion.png[22m
[2m9:52:57 AM[22m [36m[1m[vite][22m[39m [90m[2m(client)[22m[39m [32mpage reload [39m[2mart/act01-production/characters/pip/dust-reach/onion.png.tmp[22m
[2m9:52:57 AM[22m [36m[1m[vite][22m[39m [90m[2m(client)[22m[39m [32mpage reload [39m[2mart/act01-production/characters/pip/toll-paid/onion.png.tmp[22m
[2m9:52:57 AM[22m [36m[1m[vite][22m[39m [90m[2m(client)[22m[39m [32mpage reload [39m[2mart/act01-production/characters/pip/toll-paid/onion.png[22m
[2m9:52:57 AM[22m [36m[1m[vite][22m[39m [90m[2m(client)[22m[39m [32mpage reload [39m[2mart/act01-production/characters/pip/toll-paid/onion.png.tmp[22m
[2m9:52:58 AM[22m [36m[1m[vite][22m[39m [90m[2m(client)[22m[39m [32mpage reload [39m[2mart/act01-production/characters/bramble/idle/onion.png.tmp[22m
[2m9:52:58 AM[22m [36m[1m[vite][22m[39m [90m[2m(client)[22m[39m [32mpage reload [39m[2mart/act01-production/characters/bramble/idle/onion.png[22m
[2m9:52:58 AM[22m [36m[1m[vite][22m[39m [90m[2m(client)[22m[39m [32mpage reload [39m[2mart/act01-production/characters/bramble/idle/onion.png.tmp[22m
[2m9:52:58 AM[22m [36m[1m[vite][22m[39m [90m[2m(client)[22m[39m [32mpage reload [39m[2mart/act01-production/characters/bramble/talk/onion.png.tmp[22m
[2m9:52:58 AM[22m [36m[1m[vite][22m[39m [90m[2m(client)[22m[39m [32mpage reload [39m[2mart/act01-production/characters/bramble/talk/onion.png[22m
[2m9:52:58 AM[22m [36m[1m[vite][22m[39m [90m[2m(client)[22m[39m [32mpage reload [39m[2mart/act01-production/characters/bramble/talk/onion.png.tmp[22m
[2m9:52:59 AM[22m [36m[1m[vite][22m[39m [90m[2m(client)[22m[39m [32mpage reload [39m[2mart/act01-production/characters/old-bottlecap/idle/onion.png.tmp[22m
[2m9:52:59 AM[22m [36m[1m[vite][22m[39m [90m[2m(client)[22m[39m [32mpage reload [39m[2mart/act01-production/characters/old-bottlecap/idle/onion.png[22m
[2m9:52:59 AM[22m [36m[1m[vite][22m[39m [90m[2m(client)[22m[39m [32mpage reload [39m[2mart/act01-production/characters/old-bottlecap/idle/onion.png.tmp[22m
[2m9:52:59 AM[22m [36m[1m[vite][22m[39m [90m[2m(client)[22m[39m [32mpage reload [39m[2mart/act01-production/characters/old-bottlecap/toll-refused/onion.png.tmp[22m
[2m9:52:59 AM[22m [36m[1m[vite][22m[39m [90m[2m(client)[22m[39m [32mpage reload [39m[2mart/act01-production/characters/old-bottlecap/toll-refused/onion.png[22m
[2m9:52:59 AM[22m [36m[1m[vite][22m[39m [90m[2m(client)[22m[39m [32mpage reload [39m[2mart/act01-production/characters/old-bottlecap/toll-refused/onion.png.tmp[22m
[2m9:52:59 AM[22m [36m[1m[vite][22m[39m [90m[2m(client)[22m[39m [32mpage reload [39m[2mart/act01-production/characters/old-bottlecap/toll-paid/onion.png.tmp[22m
[2m9:52:59 AM[22m [36m[1m[vite][22m[39m [90m[2m(client)[22m[39m [32mpage reload [39m[2mart/act01-production/characters/old-bottlecap/toll-paid/onion.png[22m
[2m9:52:59 AM[22m [36m[1m[vite][22m[39m [90m[2m(client)[22m[39m [32mpage reload [39m[2mart/act01-production/characters/old-bottlecap/toll-paid/onion.png.tmp[22m
[2m9:53:00 AM[22m [36m[1m[vite][22m[39m [90m[2m(client)[22m[39m [32mpage reload [39m[2mart/act01-production/characters/scuttle/dash/onion.png[22m
[2m10:01:53 AM[22m [36m[1m[vite][22m[39m [90m[2m(client)[22m[39m [32mpage reload [39m[2msrc/main.ts[22m
[2m10:03:27 AM[22m [36m[1m[vite][22m[39m [90m[2m(client)[22m[39m [32mpage reload [39m[2mart/act01-production/characters/pip/walk/onion.png.tmp[22m
[2m10:03:27 AM[22m [36m[1m[vite][22m[39m [90m[2m(client)[22m[39m [32mpage reload [39m[2mart/act01-production/characters/pip/walk/onion.png[22m
[2m10:03:27 AM[22m [36m[1m[vite][22m[39m [90m[2m(client)[22m[39m [32mpage reload [39m[2mart/act01-production/characters/pip/walk/onion.png.tmp[22m
[2m10:03:28 AM[22m [36m[1m[vite][22m[39m [90m[2m(client)[22m[39m [32mpage reload [39m[2mart/act01-production/characters/pip/idle/onion.png.tmp[22m
[2m10:03:28 AM[22m [36m[1m[vite][22m[39m [90m[2m(client)[22m[39m [32mpage reload [39m[2mart/act01-production/characters/pip/idle/onion.png[22m
[2m10:03:28 AM[22m [36m[1m[vite][22m[39m [90m[2m(client)[22m[39m [32mpage reload [39m[2mart/act01-production/characters/pip/idle/onion.png.tmp[22m
[2m10:03:28 AM[22m [36m[1m[vite][22m[39m [90m[2m(client)[22m[39m [32mpage reload [39m[2mart/act01-production/characters/pip/talk/onion.png.tmp[22m
[2m10:03:28 AM[22m [36m[1m[vite][22m[39m [90m[2m(client)[22m[39m [32mpage reload [39m[2mart/act01-production/characters/pip/talk/onion.png[22m
[2m10:03:28 AM[22m [36m[1m[vite][22m[39m [90m[2m(client)[22m[39m [32mpage reload [39m[2mart/act01-production/characters/pip/talk/onion.png.tmp[22m
[2m10:03:29 AM[22m [36m[1m[vite][22m[39m [90m[2m(client)[22m[39m [32mpage reload [39m[2mart/act01-production/characters/pip/dust-reach/onion.png.tmp[22m
[2m10:03:29 AM[22m [36m[1m[vite][22m[39m [90m[2m(client)[22m[39m [32mpage reload [39m[2mart/act01-production/characters/pip/dust-reach/onion.png[22m
[2m10:03:29 AM[22m [36m[1m[vite][22m[39m [90m[2m(client)[22m[39m [32mpage reload [39m[2mart/act01-production/characters/pip/dust-reach/onion.png.tmp[22m
[2m10:03:29 AM[22m [36m[1m[vite][22m[39m [90m[2m(client)[22m[39m [32mpage reload [39m[2mart/act01-production/characters/pip/toll-paid/onion.png.tmp[22m
[2m10:03:29 AM[22m [36m[1m[vite][22m[39m [90m[2m(client)[22m[39m [32mpage reload [39m[2mart/act01-production/characters/pip/toll-paid/onion.png[22m
[2m10:03:29 AM[22m [36m[1m[vite][22m[39m [90m[2m(client)[22m[39m [32mpage reload [39m[2mart/act01-production/characters/pip/toll-paid/onion.png.tmp[22m
[2m10:03:30 AM[22m [36m[1m[vite][22m[39m [90m[2m(client)[22m[39m [32mpage reload [39m[2mart/act01-production/characters/bramble/idle/onion.png.tmp[22m
[2m10:03:30 AM[22m [36m[1m[vite][22m[39m [90m[2m(client)[22m[39m [32mpage reload [39m[2mart/act01-production/characters/bramble/idle/onion.png[22m
[2m10:03:30 AM[22m [36m[1m[vite][22m[39m [90m[2m(client)[22m[39m [32mpage reload [39m[2mart/act01-production/characters/bramble/idle/onion.png.tmp[22m
[2m10:03:30 AM[22m [36m[1m[vite][22m[39m [90m[2m(client)[22m[39m [32mpage reload [39m[2mart/act01-production/characters/bramble/talk/onion.png.tmp[22m
[2m10:03:30 AM[22m [36m[1m[vite][22m[39m [90m[2m(client)[22m[39m [32mpage reload [39m[2mart/act01-production/characters/bramble/talk/onion.png[22m
[2m10:03:30 AM[22m [36m[1m[vite][22m[39m [90m[2m(client)[22m[39m [32mpage reload [39m[2mart/act01-production/characters/bramble/talk/onion.png.tmp[22m
[2m10:03:31 AM[22m [36m[1m[vite][22m[39m [90m[2m(client)[22m[39m [32mpage reload [39m[2mart/act01-production/characters/old-bottlecap/idle/onion.png.tmp[22m
[2m10:03:31 AM[22m [36m[1m[vite][22m[39m [90m[2m(client)[22m[39m [32mpage reload [39m[2mart/act01-production/characters/old-bottlecap/idle/onion.png[22m
[2m10:03:31 AM[22m [36m[1m[vite][22m[39m [90m[2m(client)[22m[39m [32mpage reload [39m[2mart/act01-production/characters/old-bottlecap/idle/onion.png.tmp[22m
[2m10:03:31 AM[22m [36m[1m[vite][22m[39m [90m[2m(client)[22m[39m [32mpage reload [39m[2mart/act01-production/characters/old-bottlecap/toll-refused/onion.png.tmp[22m
[2m10:03:31 AM[22m [36m[1m[vite][22m[39m [90m[2m(client)[22m[39m [32mpage reload [39m[2mart/act01-production/characters/old-bottlecap/toll-refused/onion.png[22m
[2m10:03:31 AM[22m [36m[1m[vite][22m[39m [90m[2m(client)[22m[39m [32mpage reload [39m[2mart/act01-production/characters/old-bottlecap/toll-refused/onion.png.tmp[22m
[2m10:03:32 AM[22m [36m[1m[vite][22m[39m [90m[2m(client)[22m[39m [32mpage reload [39m[2mart/act01-production/characters/old-bottlecap/toll-paid/onion.png.tmp[22m
[2m10:03:32 AM[22m [36m[1m[vite][22m[39m [90m[2m(client)[22m[39m [32mpage reload [39m[2mart/act01-production/characters/old-bottlecap/toll-paid/onion.png[22m
[2m10:03:32 AM[22m [36m[1m[vite][22m[39m [90m[2m(client)[22m[39m [32mpage reload [39m[2mart/act01-production/characters/old-bottlecap/toll-paid/onion.png.tmp[22m
[2m10:03:32 AM[22m [36m[1m[vite][22m[39m [90m[2m(client)[22m[39m [32mpage reload [39m[2mart/act01-production/characters/scuttle/dash/onion.png[22m
[2m10:04:26 AM[22m [36m[1m[vite][22m[39m [90m[2m(client)[22m[39m [32mpage reload [39m[2msrc/main.ts[22m
[2m10:06:03 AM[22m [36m[1m[vite][22m[39m [90m[2m(client)[22m[39m [32mpage reload [39m[2msrc/main.ts[22m
[2m10:09:02 AM[22m [36m[1m[vite][22m[39m [90m[2m(client)[22m[39m [32mpage reload [39m[2msrc/main.ts[22m
[2m10:10:10 AM[22m [36m[1m[vite][22m[39m [90m[2m(client)[22m[39m [32mpage reload [39m[2mart/act01-production/characters/pip/walk/onion.png.tmp[22m
[2m10:10:10 AM[22m [36m[1m[vite][22m[39m [90m[2m(client)[22m[39m [32mpage reload [39m[2mart/act01-production/characters/pip/walk/onion.png[22m
[2m10:10:10 AM[22m [36m[1m[vite][22m[39m [90m[2m(client)[22m[39m [32mpage reload [39m[2mart/act01-production/characters/pip/walk/onion.png.tmp[22m
[2m10:10:11 AM[22m [36m[1m[vite][22m[39m [90m[2m(client)[22m[39m [32mpage reload [39m[2mart/act01-production/characters/pip/idle/onion.png.tmp[22m
[2m10:10:11 AM[22m [36m[1m[vite][22m[39m [90m[2m(client)[22m[39m [32mpage reload [39m[2mart/act01-production/characters/pip/idle/onion.png[22m
[2m10:10:11 AM[22m [36m[1m[vite][22m[39m [90m[2m(client)[22m[39m [32mpage reload [39m[2mart/act01-production/characters/pip/idle/onion.png.tmp[22m
[2m10:10:11 AM[22m [36m[1m[vite][22m[39m [90m[2m(client)[22m[39m [32mpage reload [39m[2mart/act01-production/characters/pip/talk/onion.png.tmp[22m
[2m10:10:11 AM[22m [36m[1m[vite][22m[39m [90m[2m(client)[22m[39m [32mpage reload [39m[2mart/act01-production/characters/pip/talk/onion.png[22m
[2m10:10:11 AM[22m [36m[1m[vite][22m[39m [90m[2m(client)[22m[39m [32mpage reload [39m[2mart/act01-production/characters/pip/talk/onion.png.tmp[22m
[2m10:10:11 AM[22m [36m[1m[vite][22m[39m [90m[2m(client)[22m[39m [32mpage reload [39m[2mart/act01-production/characters/pip/dust-reach/onion.png.tmp[22m
[2m10:10:11 AM[22m [36m[1m[vite][22m[39m [90m[2m(client)[22m[39m [32mpage reload [39m[2mart/act01-production/characters/pip/dust-reach/onion.png[22m
[2m10:10:12 AM[22m [36m[1m[vite][22m[39m [90m[2m(client)[22m[39m [32mpage reload [39m[2mart/act01-production/characters/pip/dust-reach/onion.png.tmp[22m
[2m10:10:12 AM[22m [36m[1m[vite][22m[39m [90m[2m(client)[22m[39m [32mpage reload [39m[2mart/act01-production/characters/pip/toll-paid/onion.png.tmp[22m
[2m10:10:12 AM[22m [36m[1m[vite][22m[39m [90m[2m(client)[22m[39m [32mpage reload [39m[2mart/act01-production/characters/pip/toll-paid/onion.png[22m
[2m10:10:12 AM[22m [36m[1m[vite][22m[39m [90m[2m(client)[22m[39m [32mpage reload [39m[2mart/act01-production/characters/pip/toll-paid/onion.png.tmp[22m
[2m10:10:12 AM[22m [36m[1m[vite][22m[39m [90m[2m(client)[22m[39m [32mpage reload [39m[2mart/act01-production/characters/bramble/idle/onion.png.tmp[22m
[2m10:10:12 AM[22m [36m[1m[vite][22m[39m [90m[2m(client)[22m[39m [32mpage reload [39m[2mart/act01-production/characters/bramble/idle/onion.png[22m
[2m10:10:12 AM[22m [36m[1m[vite][22m[39m [90m[2m(client)[22m[39m [32mpage reload [39m[2mart/act01-production/characters/bramble/idle/onion.png.tmp[22m
[2m10:10:13 AM[22m [36m[1m[vite][22m[39m [90m[2m(client)[22m[39m [32mpage reload [39m[2mart/act01-production/characters/bramble/talk/onion.png.tmp[22m
[2m10:10:13 AM[22m [36m[1m[vite][22m[39m [90m[2m(client)[22m[39m [32mpage reload [39m[2mart/act01-production/characters/bramble/talk/onion.png[22m
[2m10:10:13 AM[22m [36m[1m[vite][22m[39m [90m[2m(client)[22m[39m [32mpage reload [39m[2mart/act01-production/characters/bramble/talk/onion.png.tmp[22m
[2m10:10:13 AM[22m [36m[1m[vite][22m[39m [90m[2m(client)[22m[39m [32mpage reload [39m[2mart/act01-production/characters/old-bottlecap/idle/onion.png.tmp[22m
[2m10:10:13 AM[22m [36m[1m[vite][22m[39m [90m[2m(client)[22m[39m [32mpage reload [39m[2mart/act01-production/characters/old-bottlecap/idle/onion.png[22m
[2m10:10:13 AM[22m [36m[1m[vite][22m[39m [90m[2m(client)[22m[39m [32mpage reload [39m[2mart/act01-production/characters/old-bottlecap/idle/onion.png.tmp[22m
[2m10:10:14 AM[22m [36m[1m[vite][22m[39m [90m[2m(client)[22m[39m [32mpage reload [39m[2mart/act01-production/characters/old-bottlecap/toll-refused/onion.png.tmp[22m
[2m10:10:14 AM[22m [36m[1m[vite][22m[39m [90m[2m(client)[22m[39m [32mpage reload [39m[2mart/act01-production/characters/old-bottlecap/toll-refused/onion.png[22m
[2m10:10:14 AM[22m [36m[1m[vite][22m[39m [90m[2m(client)[22m[39m [32mpage reload [39m[2mart/act01-production/characters/old-bottlecap/toll-refused/onion.png.tmp[22m
[2m10:10:14 AM[22m [36m[1m[vite][22m[39m [90m[2m(client)[22m[39m [32mpage reload [39m[2mart/act01-production/characters/old-bottlecap/toll-paid/onion.png.tmp[22m
[2m10:10:14 AM[22m [36m[1m[vite][22m[39m [90m[2m(client)[22m[39m [32mpage reload [39m[2mart/act01-production/characters/old-bottlecap/toll-paid/onion.png[22m
[2m10:10:14 AM[22m [36m[1m[vite][22m[39m [90m[2m(client)[22m[39m [32mpage reload [39m[2mart/act01-production/characters/old-bottlecap/toll-paid/onion.png.tmp[22m
[2m10:10:14 AM[22m [36m[1m[vite][22m[39m [90m[2m(client)[22m[39m [32mpage reload [39m[2mart/act01-production/characters/scuttle/dash/onion.png[22m
[2m10:14:45 AM[22m [36m[1m[vite][22m[39m [90m[2m(client)[22m[39m [32mpage reload [39m[2msrc/main.ts[22m
[2m10:26:28 AM[22m [36m[1m[vite][22m[39m [90m[2m(client)[22m[39m [32mpage reload [39m[2msrc/main.ts[22m
[2m10:32:45 AM[22m [36m[1m[vite][22m[39m [90m[2m(client)[22m[39m [32mpage reload [39m[2mart/act01-production/characters/bramble/idle/onion.png.tmp[22m
[2m10:32:45 AM[22m [36m[1m[vite][22m[39m [90m[2m(client)[22m[39m [32mpage reload [39m[2mart/act01-production/characters/bramble/idle/onion.png[22m
[2m10:32:45 AM[22m [36m[1m[vite][22m[39m [90m[2m(client)[22m[39m [32mpage reload [39m[2mart/act01-production/characters/bramble/idle/onion.png.tmp[22m
[2m10:32:45 AM[22m [36m[1m[vite][22m[39m [90m[2m(client)[22m[39m [32mpage reload [39m[2mart/act01-production/characters/bramble/talk/onion.png.tmp[22m
[2m10:32:45 AM[22m [36m[1m[vite][22m[39m [90m[2m(client)[22m[39m [32mpage reload [39m[2mart/act01-production/characters/bramble/talk/onion.png[22m
[2m10:32:46 AM[22m [36m[1m[vite][22m[39m [90m[2m(client)[22m[39m [32mpage reload [39m[2mart/act01-production/characters/bramble/talk/onion.png.tmp[22m
[2m11:06:23 AM[22m [36m[1m[vite][22m[39m [90m[2m(client)[22m[39m [32mpage reload [39m[2msrc/main.ts[22m
[2m11:06:23 AM[22m [36m[1m[vite][22m[39m [90m[2m(client)[22m[39m [32mhmr update [39m[2m/src/styles.css[22m
[2m11:17:37 AM[22m [36m[1m[vite][22m[39m [90m[2m(client)[22m[39m [32mpage reload [39m[2msrc/main.ts[22m
[2m11:17:37 AM[22m [36m[1m[vite][22m[39m [90m[2m(client)[22m[39m [32mhmr update [39m[2m/src/styles.css[22m
[2m11:19:00 AM[22m [36m[1m[vite][22m[39m [90m[2m(client)[22m[39m [32mhmr update [39m[2m/src/styles.css[22m
[2m11:20:45 AM[22m [36m[1m[vite][22m[39m [90m[2m(client)[22m[39m [32mpage reload [39m[2mart/act01-production/characters/bramble/idle/onion.png.tmp[22m
[2m11:20:45 AM[22m [36m[1m[vite][22m[39m [90m[2m(client)[22m[39m [32mpage reload [39m[2mart/act01-production/characters/bramble/idle/onion.png[22m
[2m11:20:45 AM[22m [36m[1m[vite][22m[39m [90m[2m(client)[22m[39m [32mpage reload [39m[2mart/act01-production/characters/bramble/idle/onion.png.tmp[22m
[2m11:20:46 AM[22m [36m[1m[vite][22m[39m [90m[2m(client)[22m[39m [32mpage reload [39m[2mart/act01-production/characters/bramble/talk/onion.png.tmp[22m
[2m11:20:46 AM[22m [36m[1m[vite][22m[39m [90m[2m(client)[22m[39m [32mpage reload [39m[2mart/act01-production/characters/bramble/talk/onion.png[22m
[2m11:20:46 AM[22m [36m[1m[vite][22m[39m [90m[2m(client)[22m[39m [32mpage reload [39m[2mart/act01-production/characters/bramble/talk/onion.png.tmp[22m
[2m11:39:02 AM[22m [36m[1m[vite][22m[39m [90m[2m(client)[22m[39m [32mpage reload [39m[2msrc/main.ts[22m
[2m11:39:20 AM[22m [36m[1m[vite][22m[39m [90m[2m(client)[22m[39m [32mhmr update [39m[2m/src/styles.css[22m
[2m11:40:56 AM[22m [36m[1m[vite][22m[39m [90m[2m(client)[22m[39m [32mpage reload [39m[2msrc/main.ts[22m
