
> lost-underfound@0.1.0 qa:runtime-visual
> npm run build && node tools/check_runtime_visual_qa.mjs


> lost-underfound@0.1.0 build
> tsc --noEmit && vite build

[36mvite v7.3.6 [32mbuilding client environment for production...[36m[39m
transforming...
[32mâœ“[39m 341 modules transformed.
rendering chunks...
computing gzip size...
[2mdist/[22m[32mindex.html                                       [39m[1m[2m    0.41 kB[22m[1m[22m[2m â”‚ gzip:  0.28 kB[22m
[2mdist/[22m[32massets/reveal_06-Dywop260.png                    [39m[1m[2m    6.98 kB[22m[1m[22m
[2mdist/[22m[32massets/lamp_glow_03-og-MnJbr.png                 [39m[1m[2m   16.03 kB[22m[1m[22m
[2mdist/[22m[32massets/lamp_glow_05-B4DVoc_6.png                 [39m[1m[2m   16.08 kB[22m[1m[22m
[2mdist/[22m[32massets/reveal_05-mUkXoyoi.png                    [39m[1m[2m   16.09 kB[22m[1m[22m
[2mdist/[22m[32massets/lamp_glow_02-vBxE_Yrz.png                 [39m[1m[2m   16.20 kB[22m[1m[22m
[2mdist/[22m[32massets/lamp_glow_04-CeCz2UAm.png                 [39m[1m[2m   16.26 kB[22m[1m[22m
[2mdist/[22m[32massets/lamp_glow_00-CqREQ2aT.png                 [39m[1m[2m   16.29 kB[22m[1m[22m
[2mdist/[22m[32massets/lamp_glow_01-D5EJC0WM.png                 [39m[1m[2m   16.37 kB[22m[1m[22m
[2mdist/[22m[32massets/tossed-WsjcmI1_.png                       [39m[1m[2m   17.12 kB[22m[1m[22m
[2mdist/[22m[32massets/icon-x0d4IHQ0.png                         [39m[1m[2m   18.36 kB[22m[1m[22m
[2mdist/[22m[32massets/held-BS06KnWz.png                         [39m[1m[2m   18.53 kB[22m[1m[22m
[2mdist/[22m[32massets/idle-BFMb7Rsw.png                         [39m[1m[2m   20.32 kB[22m[1m[22m
[2mdist/[22m[32massets/reveal_02-DmKEoADX.png                    [39m[1m[2m   21.15 kB[22m[1m[22m
[2mdist/[22m[32massets/spider_00-Ql2T5qRI.png                    [39m[1m[2m   23.21 kB[22m[1m[22m
[2mdist/[22m[32massets/hanging_tag_00-q96e8eDw.png               [39m[1m[2m   23.57 kB[22m[1m[22m
[2mdist/[22m[32massets/hanging_tag_02-Cbt_nDce.png               [39m[1m[2m   24.89 kB[22m[1m[22m
[2mdist/[22m[32massets/hanging_tag_01-CT1mMu1F.png               [39m[1m[2m   25.07 kB[22m[1m[22m
[2mdist/[22m[32massets/reveal_03-BbFm8NX0.png                    [39m[1m[2m   25.32 kB[22m[1m[22m
[2mdist/[22m[32massets/reveal_04-Cr3A0lx8.png                    [39m[1m[2m   25.35 kB[22m[1m[22m
[2mdist/[22m[32massets/spider_04-W3DpN0uS.png                    [39m[1m[2m   26.11 kB[22m[1m[22m
[2mdist/[22m[32massets/spider_03-rtVWWgfe.png                    [39m[1m[2m   26.79 kB[22m[1m[22m
[2mdist/[22m[32massets/spider_02-BbFJUPOb.png                    [39m[1m[2m   27.20 kB[22m[1m[22m
[2mdist/[22m[32massets/spider_01-kgWyHSyR.png                    [39m[1m[2m   29.00 kB[22m[1m[22m
[2mdist/[22m[32massets/hanging_tag_03-UfruQS7e.png               [39m[1m[2m   29.51 kB[22m[1m[22m
[2mdist/[22m[32massets/hanging_tag_04-DLEDKfWF.png               [39m[1m[2m   29.85 kB[22m[1m[22m
[2mdist/[22m[32massets/hanging_tag_05-BLVXeiOe.png               [39m[1m[2m   30.26 kB[22m[1m[22m
[2mdist/[22m[32massets/scuttle_meshy_dash_03-DXjfRDX2.png        [39m[1m[2m   32.25 kB[22m[1m[22m
[2mdist/[22m[32massets/scuttle_meshy_dash_04-CHVth4Nb.png        [39m[1m[2m   32.52 kB[22m[1m[22m
[2mdist/[22m[32massets/spider_05-D6I9lu5C.png                    [39m[1m[2m   33.48 kB[22m[1m[22m
[2mdist/[22m[32massets/scuttle_meshy_dash_05-BT3z0SmF.png        [39m[1m[2m   37.52 kB[22m[1m[22m
[2mdist/[22m[32massets/scuttle_meshy_dash_01-C5YGcxl8.png        [39m[1m[2m   37.58 kB[22m[1m[22m
[2mdist/[22m[32massets/scuttle_meshy_dash_02-BsR0IP1c.png        [39m[1m[2m   37.97 kB[22m[1m[22m
[2mdist/[22m[32massets/scuttle_meshy_dash_06-B0h82NUs.png        [39m[1m[2m   38.41 kB[22m[1m[22m
[2mdist/[22m[32massets/pip_meshy_walk_12-Y8n3Rm9N.png            [39m[1m[2m   46.34 kB[22m[1m[22m
[2mdist/[22m[32massets/pip_meshy_walk_11-Dul4Ox65.png            [39m[1m[2m   46.50 kB[22m[1m[22m
[2mdist/[22m[32massets/pip_meshy_walk_08-BK-kuADC.png            [39m[1m[2m   47.23 kB[22m[1m[22m
[2mdist/[22m[32massets/pip_meshy_walk_02-B6rwrFPN.png            [39m[1m[2m   47.24 kB[22m[1m[22m
[2mdist/[22m[32massets/pip_meshy_walk_10-Bt0h7c-X.png            [39m[1m[2m   47.78 kB[22m[1m[22m
[2mdist/[22m[32massets/pip_meshy_walk_07-DQcmtW-N.png            [39m[1m[2m   47.81 kB[22m[1m[22m
[2mdist/[22m[32massets/pip_meshy_walk_09-DHQlH6-L.png            [39m[1m[2m   48.38 kB[22m[1m[22m
[2mdist/[22m[32massets/pip_meshy_idle_09-CaUhmfxm.png            [39m[1m[2m   48.49 kB[22m[1m[22m
[2mdist/[22m[32massets/pip_meshy_walk_06-Bcz4wwHF.png            [39m[1m[2m   49.00 kB[22m[1m[22m
[2mdist/[22m[32massets/pip_meshy_dust_14-DMS2mYvk.png            [39m[1m[2m   49.33 kB[22m[1m[22m
[2mdist/[22m[32massets/pip_meshy_idle_04-CSl3v5tr.png            [39m[1m[2m   49.66 kB[22m[1m[22m
[2mdist/[22m[32massets/pip_meshy_idle_02-CocBgERO.png            [39m[1m[2m   49.71 kB[22m[1m[22m
[2mdist/[22m[32massets/pip_meshy_idle_06-DCdI-gEn.png            [39m[1m[2m   49.72 kB[22m[1m[22m
[2mdist/[22m[32massets/pip_meshy_idle_08-UTwhzwyq.png            [39m[1m[2m   49.81 kB[22m[1m[22m
[2mdist/[22m[32massets/pip_meshy_idle_07-BPFo4Wzq.png            [39m[1m[2m   49.86 kB[22m[1m[22m
[2mdist/[22m[32massets/pip_meshy_dust_01-CKpjQDD7.png            [39m[1m[2m   49.95 kB[22m[1m[22m
[2mdist/[22m[32massets/pip_meshy_walk_05-BIBxDhzb.png            [39m[1m[2m   50.00 kB[22m[1m[22m
[2mdist/[22m[32massets/pip_meshy_walk_01-BV32t-8G.png            [39m[1m[2m   50.00 kB[22m[1m[22m
[2mdist/[22m[32massets/pip_meshy_idle_11-Poc20cM9.png            [39m[1m[2m   50.20 kB[22m[1m[22m
[2mdist/[22m[32massets/pip_meshy_dust_13-DGNXM6ex.png            [39m[1m[2m   50.24 kB[22m[1m[22m
[2mdist/[22m[32massets/pip_meshy_idle_03-KzSa2Que.png            [39m[1m[2m   50.26 kB[22m[1m[22m
[2mdist/[22m[32massets/pip_meshy_idle_05-CWOzIIFi.png            [39m[1m[2m   50.38 kB[22m[1m[22m
[2mdist/[22m[32massets/pip_meshy_idle_12-CsUCfyji.png            [39m[1m[2m   50.44 kB[22m[1m[22m
[2mdist/[22m[32massets/pip_meshy_idle_01-BAsGBwJb.png            [39m[1m[2m   50.46 kB[22m[1m[22m
[2mdist/[22m[32massets/pip_meshy_toll_02-iY1dnI5D.png            [39m[1m[2m   50.61 kB[22m[1m[22m
[2mdist/[22m[32massets/pip_meshy_dust_02-B2QphRty.png            [39m[1m[2m   50.80 kB[22m[1m[22m
[2mdist/[22m[32massets/pip_meshy_dust_12-BjrncqpH.png            [39m[1m[2m   51.24 kB[22m[1m[22m
[2mdist/[22m[32massets/pip_meshy_toll_04-C6XLyUsC.png            [39m[1m[2m   51.29 kB[22m[1m[22m
[2mdist/[22m[32massets/pip_meshy_toll_05-BkY6sSGy.png            [39m[1m[2m   51.30 kB[22m[1m[22m
[2mdist/[22m[32massets/pip_meshy_toll_03-B4AWr3bH.png            [39m[1m[2m   51.35 kB[22m[1m[22m
[2mdist/[22m[32massets/pip_meshy_walk_03-B86stL50.png            [39m[1m[2m   51.57 kB[22m[1m[22m
[2mdist/[22m[32massets/pip_meshy_dust_03-Udb-u2ru.png            [39m[1m[2m   51.65 kB[22m[1m[22m
[2mdist/[22m[32massets/pip_meshy_toll_06-QdcyKfD1.png            [39m[1m[2m   51.70 kB[22m[1m[22m
[2mdist/[22m[32massets/pip_meshy_dust_07-CvtYaZIV.png            [39m[1m[2m   51.93 kB[22m[1m[22m
[2mdist/[22m[32massets/pip_meshy_dust_04-3_WKatK3.png            [39m[1m[2m   51.96 kB[22m[1m[22m
[2mdist/[22m[32massets/pip_meshy_walk_04-JXmP5yZy.png            [39m[1m[2m   52.19 kB[22m[1m[22m
[2mdist/[22m[32massets/open_02-rSNP41-z.png                      [39m[1m[2m   52.21 kB[22m[1m[22m
[2mdist/[22m[32massets/pip_meshy_talk_10-qLQK3Cb-.png            [39m[1m[2m   52.30 kB[22m[1m[22m
[2mdist/[22m[32massets/pip_meshy_toll_08-B5UJjHUn.png            [39m[1m[2m   52.44 kB[22m[1m[22m
[2mdist/[22m[32massets/pip_meshy_toll_07-DrTyyXHi.png            [39m[1m[2m   52.48 kB[22m[1m[22m
[2mdist/[22m[32massets/pip_meshy_talk_11-BnPyv4ET.png            [39m[1m[2m   52.51 kB[22m[1m[22m
[2mdist/[22m[32massets/pip_meshy_toll_10-CpJTKyeY.png            [39m[1m[2m   52.52 kB[22m[1m[22m
[2mdist/[22m[32massets/pip_meshy_toll_09-DMn5gppI.png            [39m[1m[2m   52.63 kB[22m[1m[22m
[2mdist/[22m[32massets/open_03-DF9QtTgq.png                      [39m[1m[2m   52.67 kB[22m[1m[22m
[2mdist/[22m[32massets/pip_meshy_idle_10-DKaUcMvA.png            [39m[1m[2m   52.73 kB[22m[1m[22m
[2mdist/[22m[32massets/pip_meshy_dust_06-CpeHjOvi.png            [39m[1m[2m   52.83 kB[22m[1m[22m
[2mdist/[22m[32massets/pip_meshy_dust_11-89nyCSOa.png            [39m[1m[2m   52.92 kB[22m[1m[22m
[2mdist/[22m[32massets/pip_meshy_talk_02-D8OaKPMx.png            [39m[1m[2m   53.25 kB[22m[1m[22m
[2mdist/[22m[32massets/pip_meshy_dust_08-CWYntwmj.png            [39m[1m[2m   53.36 kB[22m[1m[22m
[2mdist/[22m[32massets/pip_meshy_talk_01-DpTXIYER.png            [39m[1m[2m   53.36 kB[22m[1m[22m
[2mdist/[22m[32massets/pip_meshy_dust_05-Cwg3l_Ej.png            [39m[1m[2m   53.39 kB[22m[1m[22m
[2mdist/[22m[32massets/pip_meshy_talk_07-V-EKxA7s.png            [39m[1m[2m   53.69 kB[22m[1m[22m
[2mdist/[22m[32massets/pip_meshy_dust_10-BSz58Ndv.png            [39m[1m[2m   53.86 kB[22m[1m[22m
[2mdist/[22m[32massets/pip_meshy_talk_03-CDEbaOR_.png            [39m[1m[2m   54.44 kB[22m[1m[22m
[2mdist/[22m[32massets/pip_meshy_talk_12-CgTygiVT.png            [39m[1m[2m   54.46 kB[22m[1m[22m
[2mdist/[22m[32massets/pip_meshy_talk_04-RNnWkgiI.png            [39m[1m[2m   54.56 kB[22m[1m[22m
[2mdist/[22m[32massets/pip_meshy_talk_09-DEYsvLba.png            [39m[1m[2m   54.62 kB[22m[1m[22m
[2mdist/[22m[32massets/pip_meshy_dust_09-D4Ttm4eR.png            [39m[1m[2m   54.97 kB[22m[1m[22m
[2mdist/[22m[32massets/pip_meshy_inspect_05-CO-op5XE.png         [39m[1m[2m   55.27 kB[22m[1m[22m
[2mdist/[22m[32massets/pip_meshy_talk_05-8i_9edGH.png            [39m[1m[2m   55.54 kB[22m[1m[22m
[2mdist/[22m[32massets/pip_meshy_talk_08-DpbyTux9.png            [39m[1m[2m   55.82 kB[22m[1m[22m
[2mdist/[22m[32massets/pip_meshy_talk_06-CThPczpf.png            [39m[1m[2m   56.12 kB[22m[1m[22m
[2mdist/[22m[32massets/pip_meshy_inspect_11-D0g9nzli.png         [39m[1m[2m   56.98 kB[22m[1m[22m
[2mdist/[22m[32massets/pip_meshy_inspect_04-s-4ntAmS.png         [39m[1m[2m   57.08 kB[22m[1m[22m
[2mdist/[22m[32massets/pip_meshy_inspect_06-W6_wxhKG.png         [39m[1m[2m   57.36 kB[22m[1m[22m
[2mdist/[22m[32massets/closed-Cwb-Xml4.png                       [39m[1m[2m   57.50 kB[22m[1m[22m
[2mdist/[22m[32massets/pip_meshy_inspect_07-IsbqZB6x.png         [39m[1m[2m   57.82 kB[22m[1m[22m
[2mdist/[22m[32massets/pip_meshy_inspect_01-B350LSzh.png         [39m[1m[2m   59.46 kB[22m[1m[22m
[2mdist/[22m[32massets/pip_meshy_inspect_10-DMmg37mr.png         [39m[1m[2m   59.77 kB[22m[1m[22m
[2mdist/[22m[32massets/pip_meshy_inspect_03-CmWWy-oR.png         [39m[1m[2m   61.62 kB[22m[1m[22m
[2mdist/[22m[32massets/pip_meshy_inspect_02-DGdRkT8l.png         [39m[1m[2m   61.63 kB[22m[1m[22m
[2mdist/[22m[32massets/pip_meshy_inspect_13-He_ZxMWs.png         [39m[1m[2m   61.81 kB[22m[1m[22m
[2mdist/[22m[32massets/pip_meshy_inspect_09-BR4ghSij.png         [39m[1m[2m   62.29 kB[22m[1m[22m
[2mdist/[22m[32massets/pip_meshy_inspect_14-BCGRmUMc.png         [39m[1m[2m   62.81 kB[22m[1m[22m
[2mdist/[22m[32massets/open_05-BmQ8fXbU.png                      [39m[1m[2m   62.91 kB[22m[1m[22m
[2mdist/[22m[32massets/pip_meshy_inspect_08-DuFWwIfR.png         [39m[1m[2m   62.91 kB[22m[1m[22m
[2mdist/[22m[32massets/open_04-CJJgLyT3.png                      [39m[1m[2m   64.17 kB[22m[1m[22m
[2mdist/[22m[32massets/open_06-BlsynfsC.png                      [39m[1m[2m   64.34 kB[22m[1m[22m
[2mdist/[22m[32massets/pip_meshy_inspect_12-Cim7iTUl.png         [39m[1m[2m   64.52 kB[22m[1m[22m
[2mdist/[22m[32massets/bramble_greeting_01-CCHjOQwz.png          [39m[1m[2m   75.47 kB[22m[1m[22m
[2mdist/[22m[32massets/bramble_greeting_02-B94ZGxNz.png          [39m[1m[2m   75.55 kB[22m[1m[22m
[2mdist/[22m[32massets/bramble_greeting_03-Dp5TmDoA.png          [39m[1m[2m   75.87 kB[22m[1m[22m
[2mdist/[22m[32massets/bramble_greeting_04-Cl-GNEMO.png          [39m[1m[2m   82.99 kB[22m[1m[22m
[2mdist/[22m[32massets/bramble_greeting_05-Os7MDOXG.png          [39m[1m[2m   83.66 kB[22m[1m[22m
[2mdist/[22m[32massets/bramble_wrong_29-DEpb9k1e.png             [39m[1m[2m   83.74 kB[22m[1m[22m
[2mdist/[22m[32massets/bramble_handoff_35-Xh5zrCAk.png           [39m[1m[2m   83.74 kB[22m[1m[22m
[2mdist/[22m[32massets/bramble_handoff_01-BgguoeH_.png           [39m[1m[2m   83.75 kB[22m[1m[22m
[2mdist/[22m[32massets/bramble_greeting_36-B3W-GAv9.png          [39m[1m[2m   83.77 kB[22m[1m[22m
[2mdist/[22m[32massets/bramble_wrong_01-BTLBdi2T.png             [39m[1m[2m   83.78 kB[22m[1m[22m
[2mdist/[22m[32massets/bramble_greeting_35-D4Lor6H2.png          [39m[1m[2m   83.79 kB[22m[1m[22m
[2mdist/[22m[32massets/bramble_wrong_30-D2SVZDaz.png             [39m[1m[2m   83.79 kB[22m[1m[22m
[2mdist/[22m[32massets/bramble_handoff_36-CcYmfK_k.png           [39m[1m[2m   83.82 kB[22m[1m[22m
[2mdist/[22m[32massets/bramble_wrong_28-9qgCOvYM.png             [39m[1m[2m   83.90 kB[22m[1m[22m
[2mdist/[22m[32massets/bramble_handoff_02-CJlEn_Cp.png           [39m[1m[2m   83.91 kB[22m[1m[22m
[2mdist/[22m[32massets/bramble_handoff_34-CUBqv6yS.png           [39m[1m[2m   83.93 kB[22m[1m[22m
[2mdist/[22m[32massets/bramble_handoff_33-CSHYfrWZ.png           [39m[1m[2m   83.94 kB[22m[1m[22m
[2mdist/[22m[32massets/bramble_wrong_02-eW3Ydnvg.png             [39m[1m[2m   83.97 kB[22m[1m[22m
[2mdist/[22m[32massets/bramble_greeting_34-DnqgshT_.png          [39m[1m[2m   83.98 kB[22m[1m[22m
[2mdist/[22m[32massets/bramble_handoff_32-C3mW77vi.png           [39m[1m[2m   83.98 kB[22m[1m[22m
[2mdist/[22m[32massets/bramble_handoff_31-rT2sHXdl.png           [39m[1m[2m   84.03 kB[22m[1m[22m
[2mdist/[22m[32massets/bramble_wrong_27-QK6Ab1ad.png             [39m[1m[2m   84.08 kB[22m[1m[22m
[2mdist/[22m[32massets/bramble_greeting_33-DzantY-0.png          [39m[1m[2m   84.09 kB[22m[1m[22m
[2mdist/[22m[32massets/bramble_wrong_05-CoBS7mZF.png             [39m[1m[2m   84.10 kB[22m[1m[22m
[2mdist/[22m[32massets/bramble_handoff_03-B8wlqjOe.png           [39m[1m[2m   84.13 kB[22m[1m[22m
[2mdist/[22m[32massets/bramble_wrong_03-D4F7AmUH.png             [39m[1m[2m   84.15 kB[22m[1m[22m
[2mdist/[22m[32massets/bramble_wrong_04-CXsUmcAt.png             [39m[1m[2m   84.17 kB[22m[1m[22m
[2mdist/[22m[32massets/bramble_handoff_04-CQWxivDO.png           [39m[1m[2m   84.18 kB[22m[1m[22m
[2mdist/[22m[32massets/bramble_wrong_26-CRcW0t43.png             [39m[1m[2m   84.23 kB[22m[1m[22m
[2mdist/[22m[32massets/bramble_greeting_32-DMqBdOoV.png          [39m[1m[2m   84.24 kB[22m[1m[22m
[2mdist/[22m[32massets/bramble_handoff_30-Gdx5Pz5a.png           [39m[1m[2m   84.33 kB[22m[1m[22m
[2mdist/[22m[32massets/bramble_wrong_06-BLnS7-7b.png             [39m[1m[2m   84.38 kB[22m[1m[22m
[2mdist/[22m[32massets/bramble_wrong_07-BWqY3PzS.png             [39m[1m[2m   84.39 kB[22m[1m[22m
[2mdist/[22m[32massets/bramble_handoff_28-CvLzNQS-.png           [39m[1m[2m   84.40 kB[22m[1m[22m
[2mdist/[22m[32massets/bramble_handoff_05-BJAOhx10.png           [39m[1m[2m   84.40 kB[22m[1m[22m
[2mdist/[22m[32massets/bramble_handoff_29-DrMqKLMT.png           [39m[1m[2m   84.42 kB[22m[1m[22m
[2mdist/[22m[32massets/bramble_wrong_08-md3zRrWL.png             [39m[1m[2m   84.44 kB[22m[1m[22m
[2mdist/[22m[32massets/bramble_wrong_09-Bnqsb4Mt.png             [39m[1m[2m   84.48 kB[22m[1m[22m
[2mdist/[22m[32massets/bramble_wrong_10-B2NJzFqD.png             [39m[1m[2m   84.49 kB[22m[1m[22m
[2mdist/[22m[32massets/bramble_handoff_27-BM6zua94.png           [39m[1m[2m   84.53 kB[22m[1m[22m
[2mdist/[22m[32massets/bramble_greeting_31-Lx7C7N6p.png          [39m[1m[2m   84.53 kB[22m[1m[22m
[2mdist/[22m[32massets/bramble_wrong_25-Uscggf8n.png             [39m[1m[2m   84.62 kB[22m[1m[22m
[2mdist/[22m[32massets/bramble_greeting_06-BIjsWkrD.png          [39m[1m[2m   84.64 kB[22m[1m[22m
[2mdist/[22m[32massets/bramble_handoff_24-DPjB2KcR.png           [39m[1m[2m   84.64 kB[22m[1m[22m
[2mdist/[22m[32massets/bramble_handoff_26-Dy_2zKuI.png           [39m[1m[2m   84.65 kB[22m[1m[22m
[2mdist/[22m[32massets/bramble_wrong_23-D6UqnKBF.png             [39m[1m[2m   84.66 kB[22m[1m[22m
[2mdist/[22m[32massets/bramble_wrong_24-qQMStjai.png             [39m[1m[2m   84.67 kB[22m[1m[22m
[2mdist/[22m[32massets/bramble_handoff_25-DNLIelfh.png           [39m[1m[2m   84.68 kB[22m[1m[22m
[2mdist/[22m[32massets/bramble_handoff_23-CmLaG6Si.png           [39m[1m[2m   84.68 kB[22m[1m[22m
[2mdist/[22m[32massets/bramble_handoff_22-BLQh3oZd.png           [39m[1m[2m   84.70 kB[22m[1m[22m
[2mdist/[22m[32massets/bramble_greeting_30-FRRdQBm7.png          [39m[1m[2m   84.71 kB[22m[1m[22m
[2mdist/[22m[32massets/bramble_handoff_06-BBqh1Otf.png           [39m[1m[2m   84.74 kB[22m[1m[22m
[2mdist/[22m[32massets/bramble_handoff_21-Bb-Pb1xk.png           [39m[1m[2m   84.83 kB[22m[1m[22m
[2mdist/[22m[32massets/bramble_handoff_20-X2wtlGTx.png           [39m[1m[2m   84.95 kB[22m[1m[22m
[2mdist/[22m[32massets/old_bottlecap_meshy_paid_04-1i97NXMB.png  [39m[1m[2m   89.16 kB[22m[1m[22m
[2mdist/[22m[32massets/old_bottlecap_meshy_paid_05-vSafUzZk.png  [39m[1m[2m   89.50 kB[22m[1m[22m
[2mdist/[22m[32massets/old_bottlecap_meshy_paid_07-C2eVmXNc.png  [39m[1m[2m   89.75 kB[22m[1m[22m
[2mdist/[22m[32massets/old_bottlecap_meshy_paid_01-B0eL5lif.png  [39m[1m[2m   89.85 kB[22m[1m[22m
[2mdist/[22m[32massets/old_bottlecap_meshy_paid_02-CVCrzj-g.png  [39m[1m[2m   89.89 kB[22m[1m[22m
[2mdist/[22m[32massets/old_bottlecap_meshy_paid_03-DndoA-eD.png  [39m[1m[2m   89.94 kB[22m[1m[22m
[2mdist/[22m[32massets/old_bottlecap_meshy_paid_06-BMRqfOsV.png  [39m[1m[2m   89.94 kB[22m[1m[22m
[2mdist/[22m[32massets/bramble_handoff_19-DhVMEAPW.png           [39m[1m[2m   90.78 kB[22m[1m[22m
[2mdist/[22m[32massets/bramble_wrong_11-DUa_KPgX.png             [39m[1m[2m   90.87 kB[22m[1m[22m
[2mdist/[22m[32massets/bramble_wrong_12-CYw5WCor.png             [39m[1m[2m   90.98 kB[22m[1m[22m
[2mdist/[22m[32massets/bramble_handoff_18-w_etLZoE.png           [39m[1m[2m   91.01 kB[22m[1m[22m
[2mdist/[22m[32massets/bramble_handoff_07-U2mSVl1H.png           [39m[1m[2m   91.01 kB[22m[1m[22m
[2mdist/[22m[32massets/bramble_greeting_29-D1ZXvAg_.png          [39m[1m[2m   91.09 kB[22m[1m[22m
[2mdist/[22m[32massets/bramble_wrong_22-B3J6s01a.png             [39m[1m[2m   91.16 kB[22m[1m[22m
[2mdist/[22m[32massets/bramble_greeting_07-PxUPKug6.png          [39m[1m[2m   91.26 kB[22m[1m[22m
[2mdist/[22m[32massets/bramble_wrong_21-Fu2g68LL.png             [39m[1m[2m   91.26 kB[22m[1m[22m
[2mdist/[22m[32massets/bramble_wrong_20-Dv6yRzT7.png             [39m[1m[2m   91.28 kB[22m[1m[22m
[2mdist/[22m[32massets/bramble_handoff_17-CSf6V68q.png           [39m[1m[2m   91.30 kB[22m[1m[22m
[2mdist/[22m[32massets/bramble_wrong_13-BDgSFFeh.png             [39m[1m[2m   91.32 kB[22m[1m[22m
[2mdist/[22m[32massets/bramble_greeting_28-VXgIG8l8.png          [39m[1m[2m   91.34 kB[22m[1m[22m
[2mdist/[22m[32massets/bramble_handoff_08-CEPv-LGv.png           [39m[1m[2m   91.35 kB[22m[1m[22m
[2mdist/[22m[32massets/bramble_wrong_14-D7atjpAQ.png             [39m[1m[2m   91.39 kB[22m[1m[22m
[2mdist/[22m[32massets/bramble_handoff_16-Bpi_d5iD.png           [39m[1m[2m   91.39 kB[22m[1m[22m
[2mdist/[22m[32massets/bramble_handoff_15-BmF7O3Vk.png           [39m[1m[2m   91.42 kB[22m[1m[22m
[2mdist/[22m[32massets/bramble_wrong_15-D2gYIXSt.png             [39m[1m[2m   91.47 kB[22m[1m[22m
[2mdist/[22m[32massets/bramble_wrong_19-BAsLUGOe.png             [39m[1m[2m   91.47 kB[22m[1m[22m
[2mdist/[22m[32massets/bramble_handoff_14-SNs87mmY.png           [39m[1m[2m   91.50 kB[22m[1m[22m
[2mdist/[22m[32massets/bramble_handoff_09-D03oEHR8.png           [39m[1m[2m   91.53 kB[22m[1m[22m
[2mdist/[22m[32massets/bramble_wrong_17-ZBuQALql.png             [39m[1m[2m   91.55 kB[22m[1m[22m
[2mdist/[22m[32massets/bramble_greeting_08-CwfITHHO.png          [39m[1m[2m   91.57 kB[22m[1m[22m
[2mdist/[22m[32massets/bramble_wrong_18-MdT0xzR1.png             [39m[1m[2m   91.57 kB[22m[1m[22m
[2mdist/[22m[32massets/bramble_handoff_10-BKfXzUBx.png           [39m[1m[2m   91.57 kB[22m[1m[22m
[2mdist/[22m[32massets/bramble_handoff_11-BfxcFEym.png           [39m[1m[2m   91.58 kB[22m[1m[22m
[2mdist/[22m[32massets/bramble_wrong_16-BKbqPXe0.png             [39m[1m[2m   91.59 kB[22m[1m[22m
[2mdist/[22m[32massets/bramble_handoff_12-BTFU3LxO.png           [39m[1m[2m   91.64 kB[22m[1m[22m
[2mdist/[22m[32massets/bramble_greeting_27-Bmwblk_t.png          [39m[1m[2m   91.68 kB[22m[1m[22m
[2mdist/[22m[32massets/bramble_greeting_09-zBBxbYmJ.png          [39m[1m[2m   91.70 kB[22m[1m[22m
[2mdist/[22m[32massets/bramble_handoff_13-gruafrUK.png           [39m[1m[2m   91.74 kB[22m[1m[22m
[2mdist/[22m[32massets/bramble_greeting_10-Bn9EHIqx.png          [39m[1m[2m   91.85 kB[22m[1m[22m
[2mdist/[22m[32massets/bramble_greeting_11-DntFj0zb.png          [39m[1m[2m   91.98 kB[22m[1m[22m
[2mdist/[22m[32massets/bramble_greeting_26-B7xtfno3.png          [39m[1m[2m   92.03 kB[22m[1m[22m
[2mdist/[22m[32massets/bramble_greeting_12-Bvg0MU1Q.png          [39m[1m[2m   92.08 kB[22m[1m[22m
[2mdist/[22m[32massets/bramble_greeting_13-Bex1kn1X.png          [39m[1m[2m   92.35 kB[22m[1m[22m
[2mdist/[22m[32massets/bramble_greeting_25-D59sjb7Q.png          [39m[1m[2m   92.45 kB[22m[1m[22m
[2mdist/[22m[32massets/bramble_greeting_24-BztlwCPY.png          [39m[1m[2m   92.56 kB[22m[1m[22m
[2mdist/[22m[32massets/bramble_greeting_14-C-5vDASO.png          [39m[1m[2m   92.59 kB[22m[1m[22m
[2mdist/[22m[32massets/bramble_greeting_15-aVbYeANY.png          [39m[1m[2m   92.77 kB[22m[1m[22m
[2mdist/[22m[32massets/bramble_greeting_23-CiZH3mH6.png          [39m[1m[2m   92.86 kB[22m[1m[22m
[2mdist/[22m[32massets/bramble_greeting_16-BJH0Ynss.png          [39m[1m[2m   92.95 kB[22m[1m[22m
[2mdist/[22m[32massets/bramble_greeting_22-Cg0GIgGr.png          [39m[1m[2m   93.00 kB[22m[1m[22m
[2mdist/[22m[32massets/bramble_greeting_19-CYn34AeW.png          [39m[1m[2m   93.18 kB[22m[1m[22m
[2mdist/[22m[32massets/bramble_greeting_17-C-qfy61q.png          [39m[1m[2m   93.20 kB[22m[1m[22m
[2mdist/[22m[32massets/bramble_greeting_20-BQDDrtuj.png          [39m[1m[2m   93.20 kB[22m[1m[22m
[2mdist/[22m[32massets/bramble_greeting_21-CF-ws1A2.png          [39m[1m[2m   93.23 kB[22m[1m[22m
[2mdist/[22m[32massets/bramble_greeting_18-BABu3nxM.png          [39m[1m[2m   93.38 kB[22m[1m[22m
[2mdist/[22m[32massets/bramble_talk_19-1abxho7-.png              [39m[1m[2m   98.84 kB[22m[1m[22m
[2mdist/[22m[32massets/bramble_talk_47-c0hklKe1.png              [39m[1m[2m   98.84 kB[22m[1m[22m
[2mdist/[22m[32massets/bramble_idle_06-Cpfnr80V.png              [39m[1m[2m   98.87 kB[22m[1m[22m
[2mdist/[22m[32massets/bramble_talk_23-DrK5JocD.png              [39m[1m[2m   98.88 kB[22m[1m[22m
[2mdist/[22m[32massets/bramble_idle_08-I18Mo6sD.png              [39m[1m[2m   98.91 kB[22m[1m[22m
[2mdist/[22m[32massets/bramble_idle_07-BFj5gztd.png              [39m[1m[2m   98.95 kB[22m[1m[22m
[2mdist/[22m[32massets/bramble_idle_15-BEr7eCU7.png              [39m[1m[2m   98.96 kB[22m[1m[22m
[2mdist/[22m[32massets/bramble_idle_18-5zdzL-e2.png              [39m[1m[2m   99.01 kB[22m[1m[22m
[2mdist/[22m[32massets/bramble_talk_43-Dy6SmApM.png              [39m[1m[2m   99.12 kB[22m[1m[22m
[2mdist/[22m[32massets/bramble_talk_27-CV05AJ3O.png              [39m[1m[2m   99.12 kB[22m[1m[22m
[2mdist/[22m[32massets/bramble_talk_11-Dm93MJLq.png              [39m[1m[2m   99.12 kB[22m[1m[22m
[2mdist/[22m[32massets/bramble_talk_39-DVzAC79j.png              [39m[1m[2m   99.14 kB[22m[1m[22m
[2mdist/[22m[32massets/bramble_idle_09-Cz4-ygsK.png              [39m[1m[2m   99.14 kB[22m[1m[22m
[2mdist/[22m[32massets/bramble_talk_07-C2HpSlXQ.png              [39m[1m[2m   99.14 kB[22m[1m[22m
[2mdist/[22m[32massets/bramble_talk_31-ajOSxnsj.png              [39m[1m[2m   99.16 kB[22m[1m[22m
[2mdist/[22m[32massets/bramble_talk_35-m2CyJFJi.png              [39m[1m[2m   99.20 kB[22m[1m[22m
[2mdist/[22m[32massets/bramble_idle_21-DNMmqQ1A.png              [39m[1m[2m   99.20 kB[22m[1m[22m
[2mdist/[22m[32massets/bramble_idle_24-B6hinGIf.png              [39m[1m[2m   99.22 kB[22m[1m[22m
[2mdist/[22m[32massets/bramble_talk_24-DLHGsjqN.png              [39m[1m[2m   99.24 kB[22m[1m[22m
[2mdist/[22m[32massets/bramble_talk_48-CoG2GV0F.png              [39m[1m[2m   99.27 kB[22m[1m[22m
[2mdist/[22m[32massets/bramble_talk_20-BUjvXWjk.png              [39m[1m[2m   99.27 kB[22m[1m[22m
[2mdist/[22m[32massets/bramble_talk_08-nRWe-b5x.png              [39m[1m[2m   99.28 kB[22m[1m[22m
[2mdist/[22m[32massets/bramble_talk_40-BdhFGdqK.png              [39m[1m[2m   99.28 kB[22m[1m[22m
[2mdist/[22m[32massets/bramble_idle_17-BlWU-RPo.png              [39m[1m[2m   99.30 kB[22m[1m[22m
[2mdist/[22m[32massets/bramble_talk_36-BoWRogIm.png              [39m[1m[2m   99.30 kB[22m[1m[22m
[2mdist/[22m[32massets/bramble_talk_25-CXjttIIP.png              [39m[1m[2m   99.31 kB[22m[1m[22m
[2mdist/[22m[32massets/bramble_talk_42-Y6-OEuzK.png              [39m[1m[2m   99.31 kB[22m[1m[22m
[2mdist/[22m[32massets/bramble_talk_10-CAmS9vWP.png              [39m[1m[2m   99.31 kB[22m[1m[22m
[2mdist/[22m[32massets/bramble_idle_14-DfHGerRt.png              [39m[1m[2m   99.31 kB[22m[1m[22m
[2mdist/[22m[32massets/bramble_talk_41-B4D7-4Rj.png              [39m[1m[2m   99.31 kB[22m[1m[22m
[2mdist/[22m[32massets/bramble_talk_26-BKDF1ZXg.png              [39m[1m[2m   99.31 kB[22m[1m[22m
[2mdist/[22m[32massets/bramble_idle_20-N9RkwVtm.png              [39m[1m[2m   99.32 kB[22m[1m[22m
[2mdist/[22m[32massets/bramble_talk_09-DKN1_9rA.png              [39m[1m[2m   99.32 kB[22m[1m[22m
[2mdist/[22m[32massets/bramble_idle_05-ByiSBROZ.png              [39m[1m[2m   99.34 kB[22m[1m[22m
[2mdist/[22m[32massets/bramble_talk_32-BDSO5iZR.png              [39m[1m[2m   99.34 kB[22m[1m[22m
[2mdist/[22m[32massets/bramble_talk_12-Ctud0Zkg.png              [39m[1m[2m   99.35 kB[22m[1m[22m
[2mdist/[22m[32massets/bramble_idle_23-BVQDwe0-.png              [39m[1m[2m   99.35 kB[22m[1m[22m
[2mdist/[22m[32massets/bramble_talk_44-Bi5nyQeE.png              [39m[1m[2m   99.35 kB[22m[1m[22m
[2mdist/[22m[32massets/bramble_talk_21-DLZYNKWK.png              [39m[1m[2m   99.36 kB[22m[1m[22m
[2mdist/[22m[32massets/bramble_talk_22-ChiuJyQm.png              [39m[1m[2m   99.36 kB[22m[1m[22m
[2mdist/[22m[32massets/bramble_idle_16-D4aGoNk4.png              [39m[1m[2m   99.36 kB[22m[1m[22m
[2mdist/[22m[32massets/bramble_idle_22-CMnMPuAL.png              [39m[1m[2m   99.36 kB[22m[1m[22m
[2mdist/[22m[32massets/bramble_talk_28-DI1LyJvb.png              [39m[1m[2m   99.36 kB[22m[1m[22m
[2mdist/[22m[32massets/bramble_talk_34-DckgCwZT.png              [39m[1m[2m   99.36 kB[22m[1m[22m
[2mdist/[22m[32massets/bramble_talk_33-DhRr52Vd.png              [39m[1m[2m   99.36 kB[22m[1m[22m
[2mdist/[22m[32massets/bramble_talk_06-o1wMkVnV.png              [39m[1m[2m   99.39 kB[22m[1m[22m
[2mdist/[22m[32massets/bramble_idle_19-BV4Ze3f0.png              [39m[1m[2m   99.39 kB[22m[1m[22m
[2mdist/[22m[32massets/bramble_talk_15-8sr_QCh2.png              [39m[1m[2m   99.39 kB[22m[1m[22m
[2mdist/[22m[32massets/bramble_talk_14-CNXQ3t5e.png              [39m[1m[2m   99.39 kB[22m[1m[22m
[2mdist/[22m[32massets/bramble_idle_12-bXdnE9ox.png              [39m[1m[2m   99.39 kB[22m[1m[22m
[2mdist/[22m[32massets/bramble_talk_46-D7dEQ0Ib.png              [39m[1m[2m   99.39 kB[22m[1m[22m
[2mdist/[22m[32massets/bramble_idle_03-Bpz7-YBO.png              [39m[1m[2m   99.39 kB[22m[1m[22m
[2mdist/[22m[32massets/bramble_idle_04-CF__TG0x.png              [39m[1m[2m   99.39 kB[22m[1m[22m
[2mdist/[22m[32massets/bramble_talk_16-nzAtPKxz.png              [39m[1m[2m   99.39 kB[22m[1m[22m
[2mdist/[22m[32massets/bramble_talk_38-Bxvab8Bp.png              [39m[1m[2m   99.39 kB[22m[1m[22m
[2mdist/[22m[32massets/bramble_idle_01-B8Ah-amh.png              [39m[1m[2m   99.39 kB[22m[1m[22m
[2mdist/[22m[32massets/bramble_idle_10-DwnlxRQi.png              [39m[1m[2m   99.39 kB[22m[1m[22m
[2mdist/[22m[32massets/bramble_idle_13-DzNnKGb2.png              [39m[1m[2m   99.39 kB[22m[1m[22m
[2mdist/[22m[32massets/bramble_talk_05-DT3-qU2n.png              [39m[1m[2m   99.39 kB[22m[1m[22m
[2mdist/[22m[32massets/bramble_talk_37-MEJwn3cd.png              [39m[1m[2m   99.39 kB[22m[1m[22m
[2mdist/[22m[32massets/bramble_talk_18-BRZUGkoI.png              [39m[1m[2m   99.40 kB[22m[1m[22m
[2mdist/[22m[32massets/bramble_talk_45-945imOtE.png              [39m[1m[2m   99.40 kB[22m[1m[22m
[2mdist/[22m[32massets/bramble_talk_17-DhncrC8U.png              [39m[1m[2m   99.40 kB[22m[1m[22m
[2mdist/[22m[32massets/bramble_idle_02-CMeqdP9m.png              [39m[1m[2m   99.40 kB[22m[1m[22m
[2mdist/[22m[32massets/bramble_talk_29-BSQJvKpx.png              [39m[1m[2m   99.40 kB[22m[1m[22m
[2mdist/[22m[32massets/bramble_talk_30-DtnYYnvj.png              [39m[1m[2m   99.40 kB[22m[1m[22m
[2mdist/[22m[32massets/bramble_idle_11-CQTUPpo3.png              [39m[1m[2m   99.40 kB[22m[1m[22m
[2mdist/[22m[32massets/old_bottlecap_meshy_idle_03-BjHAweKv.png  [39m[1m[2m  164.12 kB[22m[1m[22m
[2mdist/[22m[32massets/old_bottlecap_meshy_idle_23-2vXi42Xb.png  [39m[1m[2m  164.28 kB[22m[1m[22m
[2mdist/[22m[32massets/old_bottlecap_meshy_idle_22-BbomDlSK.png  [39m[1m[2m  164.32 kB[22m[1m[22m
[2mdist/[22m[32massets/old_bottlecap_meshy_idle_07-VqDdzpzs.png  [39m[1m[2m  164.36 kB[22m[1m[22m
[2mdist/[22m[32massets/old_bottlecap_meshy_idle_11-DOGcq2cH.png  [39m[1m[2m  164.36 kB[22m[1m[22m
[2mdist/[22m[32massets/old_bottlecap_meshy_idle_10-C_UxWISm.png  [39m[1m[2m  164.43 kB[22m[1m[22m
[2mdist/[22m[32massets/old_bottlecap_meshy_idle_08-snJZC_-z.png  [39m[1m[2m  164.44 kB[22m[1m[22m
[2mdist/[22m[32massets/old_bottlecap_meshy_idle_12-DCbCVHo4.png  [39m[1m[2m  164.46 kB[22m[1m[22m
[2mdist/[22m[32massets/old_bottlecap_meshy_idle_04-BGyJ8nlW.png  [39m[1m[2m  164.46 kB[22m[1m[22m
[2mdist/[22m[32massets/old_bottlecap_meshy_idle_21-BLe7fQoc.png  [39m[1m[2m  164.48 kB[22m[1m[22m
[2mdist/[22m[32massets/old_bottlecap_meshy_idle_05-D4FWtZeD.png  [39m[1m[2m  164.53 kB[22m[1m[22m
[2mdist/[22m[32massets/old_bottlecap_meshy_idle_24-dlDH8o8t.png  [39m[1m[2m  164.55 kB[22m[1m[22m
[2mdist/[22m[32massets/old_bottlecap_meshy_idle_13-CwpWLjAo.png  [39m[1m[2m  164.58 kB[22m[1m[22m
[2mdist/[22m[32massets/old_bottlecap_meshy_idle_01-CJzcTdLy.png  [39m[1m[2m  164.61 kB[22m[1m[22m
[2mdist/[22m[32massets/old_bottlecap_meshy_idle_15-DvqlUhzs.png  [39m[1m[2m  164.61 kB[22m[1m[22m
[2mdist/[22m[32massets/old_bottlecap_meshy_idle_20-ccb3qsei.png  [39m[1m[2m  164.63 kB[22m[1m[22m
[2mdist/[22m[32massets/old_bottlecap_meshy_idle_02-BrT5n3fk.png  [39m[1m[2m  164.63 kB[22m[1m[22m
[2mdist/[22m[32massets/old_bottlecap_meshy_idle_16-Cl2GQL1z.png  [39m[1m[2m  164.66 kB[22m[1m[22m
[2mdist/[22m[32massets/old_bottlecap_meshy_idle_19-D2R03yRg.png  [39m[1m[2m  164.71 kB[22m[1m[22m
[2mdist/[22m[32massets/old_bottlecap_meshy_idle_09-L-HG4-1I.png  [39m[1m[2m  164.72 kB[22m[1m[22m
[2mdist/[22m[32massets/old_bottlecap_meshy_idle_06-BPYY9ruP.png  [39m[1m[2m  164.75 kB[22m[1m[22m
[2mdist/[22m[32massets/old_bottlecap_meshy_idle_18-BnakA573.png  [39m[1m[2m  164.77 kB[22m[1m[22m
[2mdist/[22m[32massets/old_bottlecap_meshy_idle_14-DWrlgDMl.png  [39m[1m[2m  164.90 kB[22m[1m[22m
[2mdist/[22m[32massets/old_bottlecap_meshy_idle_17-CPPF41wk.png  [39m[1m[2m  165.01 kB[22m[1m[22m
[2mdist/[22m[32massets/gate-CDzuaBg_.png                         [39m[1m[2m1,398.20 kB[22m[1m[22m
[2mdist/[22m[32massets/clerk-DHWe8cWI.png                        [39m[1m[2m1,474.65 kB[22m[1m[22m
[2mdist/[22m[32massets/discovery-e4_-l1wP.png                    [39m[1m[2m1,739.62 kB[22m[1m[22m
[2mdist/[22m[35massets/index--HMs3GUc.css                        [39m[1m[2m    8.77 kB[22m[1m[22m[2m â”‚ gzip:  2.81 kB[22m
[2mdist/[22m[36massets/index-DwSYvVTu.js                         [39m[1m[2m  133.58 kB[22m[1m[22m[2m â”‚ gzip: 36.03 kB[22m
[32mâœ“ built in 523ms[39m
Runtime visual QA passed. Screenshots written to art\act01-production\qa\runtime-playthrough
